// Jest Snapshot v1, https://goo.gl/fbAQLP

exports[`should render ExpenseListItem with an expense 1`] = `
<div>
  <Link
    replace={false}
    to="/edit/1"
  >
    <h1>
      Gum
    </h1>
  </Link>
  <h2>
    $
    1.95
  </h2>
  <p>
    Created at: 
    0
  </p>
</div>
`;
